Modules list:
-------------
sieve.o:
    CODE              Offs = 000000   Size = 00020E
    RODATA            Offs = 000000   Size = 0000BB
    BSS               Offs = 000000   Size = 004008
/usr/local/lib/cc65/lib/c64.lib(cgetc.o):
    CODE              Offs = 00020E   Size = 000047
/usr/local/lib/cc65/lib/c64.lib(crt0.o):
    BSS               Offs = 004008   Size = 000002
    DATA              Offs = 000000   Size = 000003
    STARTUP           Offs = 000000   Size = 000092
    ZPSAVE            Offs = 000000   Size = 00001A
/usr/local/lib/cc65/lib/c64.lib(kbhit.o):
    CODE              Offs = 000255   Size = 00000A
/usr/local/lib/cc65/lib/c64.lib(kernal.o):
/usr/local/lib/cc65/lib/c64.lib(clock.o):
    CODE              Offs = 00025F   Size = 00000A
/usr/local/lib/cc65/lib/c64.lib(ctype.o):
    RODATA            Offs = 0000BB   Size = 000100
/usr/local/lib/cc65/lib/c64.lib(filedes.o):
    CODE              Offs = 000269   Size = 00000E
    BSS               Offs = 00400A   Size = 000010
/usr/local/lib/cc65/lib/c64.lib(rwcommon.o):
    CODE              Offs = 000277   Size = 00002F
/usr/local/lib/cc65/lib/c64.lib(write.o):
    CODE              Offs = 0002A6   Size = 000048
    INIT              Offs = 000000   Size = 000021
/usr/local/lib/cc65/lib/c64.lib(errno.o):
    BSS               Offs = 00401A   Size = 000002
/usr/local/lib/cc65/lib/c64.lib(_file.o):
    DATA              Offs = 000003   Size = 00001E
/usr/local/lib/cc65/lib/c64.lib(fwrite.o):
    CODE              Offs = 0002EE   Size = 00007D
    BSS               Offs = 00401C   Size = 000002
/usr/local/lib/cc65/lib/c64.lib(_hextab.o):
    RODATA            Offs = 0001BB   Size = 000010
/usr/local/lib/cc65/lib/c64.lib(ltoa.o):
    CODE              Offs = 00036B   Size = 0000AF
    RODATA            Offs = 0001CB   Size = 00000C
/usr/local/lib/cc65/lib/c64.lib(_oserror.o):
    BSS               Offs = 00401E   Size = 000001
/usr/local/lib/cc65/lib/c64.lib(_printf.o):
    CODE              Offs = 00041A   Size = 0003A5
    BSS               Offs = 00401F   Size = 00002B
    DATA              Offs = 000021   Size = 000003
/usr/local/lib/cc65/lib/c64.lib(printf.o):
    CODE              Offs = 0007BF   Size = 000033
    BSS               Offs = 00404A   Size = 000001
/usr/local/lib/cc65/lib/c64.lib(_seterrno.o):
    CODE              Offs = 0007F2   Size = 000009
/usr/local/lib/cc65/lib/c64.lib(strlen.o):
    CODE              Offs = 0007FB   Size = 000016
/usr/local/lib/cc65/lib/c64.lib(strlower.o):
    CODE              Offs = 000811   Size = 000028
/usr/local/lib/cc65/lib/c64.lib(toupper.o):
    CODE              Offs = 000839   Size = 000010
/usr/local/lib/cc65/lib/c64.lib(vfprintf.o):
    CODE              Offs = 000849   Size = 000061
    DATA              Offs = 000024   Size = 000008
/usr/local/lib/cc65/lib/c64.lib(zerobss.o):
    INIT              Offs = 000021   Size = 000023
/usr/local/lib/cc65/lib/c64.lib(addysp.o):
    CODE              Offs = 0008AA   Size = 00000E
/usr/local/lib/cc65/lib/c64.lib(axlong.o):
    CODE              Offs = 0008B8   Size = 000012
/usr/local/lib/cc65/lib/c64.lib(callirq.o):
    DATA              Offs = 00002C   Size = 00001E
/usr/local/lib/cc65/lib/c64.lib(callmain.o):
    CODE              Offs = 0008CA   Size = 000017
    BSS               Offs = 00404B   Size = 000004
/usr/local/lib/cc65/lib/c64.lib(condes.o):
    CODE              Offs = 0008E1   Size = 00000C
    DATA              Offs = 00004A   Size = 000025
    INIT              Offs = 000044   Size = 00000C
/usr/local/lib/cc65/lib/c64.lib(decsp4.o):
    CODE              Offs = 0008ED   Size = 00000D
/usr/local/lib/cc65/lib/c64.lib(decsp6.o):
    CODE              Offs = 0008FA   Size = 00000D
/usr/local/lib/cc65/lib/c64.lib(incsp2.o):
    CODE              Offs = 000907   Size = 000016
/usr/local/lib/cc65/lib/c64.lib(incsp4.o):
    CODE              Offs = 00091D   Size = 000005
/usr/local/lib/cc65/lib/c64.lib(incsp6.o):
    CODE              Offs = 000922   Size = 000005
/usr/local/lib/cc65/lib/c64.lib(lcmp.o):
    CODE              Offs = 000927   Size = 00003B
/usr/local/lib/cc65/lib/c64.lib(ldaxsp.o):
    CODE              Offs = 000962   Size = 000009
/usr/local/lib/cc65/lib/c64.lib(leq.o):
    CODE              Offs = 00096B   Size = 000006
/usr/local/lib/cc65/lib/c64.lib(lmul.o):
    CODE              Offs = 000971   Size = 00005C
/usr/local/lib/cc65/lib/c64.lib(lpush.o):
    CODE              Offs = 0009CD   Size = 00001E
/usr/local/lib/cc65/lib/c64.lib(lsub.o):
    CODE              Offs = 0009EB   Size = 000027
/usr/local/lib/cc65/lib/c64.lib(ludiv.o):
    CODE              Offs = 000A12   Size = 00007A
/usr/local/lib/cc65/lib/c64.lib(lumod.o):
    CODE              Offs = 000A8C   Size = 000019
/usr/local/lib/cc65/lib/c64.lib(makebool.o):
    CODE              Offs = 000AA5   Size = 000031
/usr/local/lib/cc65/lib/c64.lib(mul8.o):
    CODE              Offs = 000AD6   Size = 00003A
/usr/local/lib/cc65/lib/c64.lib(mul.o):
    CODE              Offs = 000B10   Size = 000045
/usr/local/lib/cc65/lib/c64.lib(popsreg.o):
    CODE              Offs = 000B55   Size = 000010
/usr/local/lib/cc65/lib/c64.lib(push1.o):
    CODE              Offs = 000B65   Size = 000005
/usr/local/lib/cc65/lib/c64.lib(pushax.o):
    CODE              Offs = 000B6A   Size = 00001A
/usr/local/lib/cc65/lib/c64.lib(pushwsp.o):
    CODE              Offs = 000B84   Size = 00001C
/usr/local/lib/cc65/lib/c64.lib(return0.o):
    CODE              Offs = 000BA0   Size = 000004
/usr/local/lib/cc65/lib/c64.lib(return1.o):
    CODE              Offs = 000BA4   Size = 000005
/usr/local/lib/cc65/lib/c64.lib(udiv.o):
    CODE              Offs = 000BA9   Size = 00004F
/usr/local/lib/cc65/lib/c64.lib(zeropage.o):
    ZEROPAGE          Offs = 000000   Size = 00001A
/usr/local/lib/cc65/lib/c64.lib(_cursor.o):
    BSS               Offs = 00404F   Size = 000001


Segment list:
-------------
Name                  Start   End     Size
--------------------------------------------
ZEROPAGE              000002  00001B  00001A
STARTUP               0007FF  000890  000092
INIT                  000891  0008E2  000052
CODE                  0008E3  0014DA  000BF8
RODATA                0014DB  0016B2  0001D8
DATA                  0016B3  001721  00006F
ZPSAVE                001722  00173B  00001A
BSS                   00173C  00578B  004050


Exports list:
-------------
BSOUT                     00FFD2 REA    CKOUT                     00FFC9 REA    
CLRCH                     00FFCC REA    OPEN                      00FFC0 REA    
RDTIM                     00FFDE REA    SETLFS                    00FFBA REA    
__BSS_RUN__               00173C RLA    __BSS_SIZE__              004050 REA    
__CONSTRUCTOR_COUNT__     000001 REA    __CONSTRUCTOR_TABLE__     0008E1 RLA    
__DESTRUCTOR_COUNT__      000000 REA    __DESTRUCTOR_TABLE__      0016B3 RLA    
__INTERRUPTOR_COUNT__     000000 REA    __INTERRUPTOR_TABLE__     0016B3 RLA    
__RAM_SIZE__              00C801 REA    __RAM_START__             0007FF RLA    
__STARTUP__               000001 REA    __ctype                   001596 RLA    
__errno                   005756 RLA    __hextab                  001696 RLA    
__oserror                 00575A RLA    __printf                  000DF0 RLA    
__seterrno                0010D5 RLA    _cgetc                    000AF1 RLA    
_clock                    000B42 RLA    _fwrite                   000BD1 RLA    
_kbhit                    000B38 RLA    _ltoa                     000C6A RLA    
_main                     0008EB RLA    _printf                   0010A2 RLA    
_stdout                   0016D0 RLA    _strlen                   0010DE RLA    
_strlower                 0010F4 RLA    _toupper                  00111C RLA    
_ultoa                    000CC1 RLA    _vfprintf                 001164 RLA    
_write                    000B89 RLA    addysp                    00118E RLA    
addysp1                   00118D RLA    axlong                    0011A2 RLA    
axulong                   00119B RLA    booleq                    00138E RLA    
callirq                   0016DF RLA    callmain                  0011AD RLA    
cursor                    00578B RLA    decsp4                    0011D0 RLA    
decsp6                    0011DD RLA    donelib                   0011C4 RLA    
fdtab                     005746 RLA    getlop                    001306 RLA    
incsp2                    0011F2 RLA    incsp4                    001200 RLA    
incsp6                    001205 RLA    initlib                   0008D5 RLA    
initstdout                000891  LAI   ldaxysp                   001247 RLA    
mul8x16                   0013BB RLA    mul8x16a                  0013C6 RLA    
popax                     0011EA RLA    popsreg                   001438 RLA    
ptr1                      00000A RLZ    ptr2                      00000C RLZ    
ptr3                      00000E RLZ    ptr4                      000010 RLZ    
push1                     001448 RLA    pusha0                    00144F RLA    
pushax                    001451 RLA    pusheax                   0012B6 RLA    
pushwysp                  001469 RLA    regbank                   000016 RLZ    
return0                   001483 RLA    return1                   001487 RLA    
rwcommon                  000B5A RLA    sp                        000002 RLZ    
sreg                      000004 RLZ    tmp1                      000012 RLZ    
tmp2                      000013 RLZ    tmp3                      000014 RLZ    
tmp4                      000015 RLZ    toseqeax                  00124E RLA    
toslcmp                   00120A RLA    tossubeax                 0012D4 RLA    
tosudiv0ax                0012F5 RLA    tosudivax                 00148E RLA    
tosumod0ax                00136F RLA    tosumul0ax                001254 RLA    
tosumulax                 0013F3 RLA    udiv32                    00132A RLA    
unittab                   00574E RLA    zerobss                   0008B2 RLA    



Imports list:
-------------
BSOUT (kernal.o):
    write.o                   write.s(10)
    crt0.o                    crt0.s(10)
CKOUT (kernal.o):
    write.o                   write.s(10)
CLRCH (kernal.o):
    write.o                   write.s(10)
    crt0.o                    crt0.s(10)
OPEN (kernal.o):
    write.o                   write.s(10)
RDTIM (kernal.o):
    clock.o                   clock.s(8)
SETLFS (kernal.o):
    write.o                   write.s(10)
__BSS_RUN__ ([linker generated]):
    zerobss.o                 zerobss.s(8)
__BSS_SIZE__ ([linker generated]):
    zerobss.o                 zerobss.s(8)
__CONSTRUCTOR_COUNT__ ([linker generated]):
    condes.o                  condes.s(18)
__CONSTRUCTOR_TABLE__ ([linker generated]):
    condes.o                  condes.s(18)
__DESTRUCTOR_COUNT__ ([linker generated]):
    condes.o                  condes.s(19)
__DESTRUCTOR_TABLE__ ([linker generated]):
    condes.o                  condes.s(19)
__INTERRUPTOR_COUNT__ ([linker generated]):
    callirq.o                 callirq.s(33)
    crt0.o                    crt0.s(11)
__INTERRUPTOR_TABLE__ ([linker generated]):
    callirq.o                 callirq.s(33)
__RAM_SIZE__ ([linker generated]):
    crt0.o                    crt0.s(12)
__RAM_START__ ([linker generated]):
    crt0.o                    crt0.s(12)
__STARTUP__ (crt0.o):
    sieve.o                   sieve.s(25)
__ctype (ctype.o):
    strlower.o                strlower.s(12)
    toupper.o                 toupper.s(8)
__errno (errno.o):
    rwcommon.o                ../../asminc/errno.inc(7)
    _seterrno.o               ../../asminc/errno.inc(7)
__hextab (_hextab.o):
    ltoa.o                    ltoa.s(10)
__oserror (_oserror.o):
    write.o                   write.s(12)
__printf (_printf.o):
    vfprintf.o                vfprintf.s(10)
__seterrno (_seterrno.o):
    fwrite.o                  ../../asminc/errno.inc(9)
_cgetc (cgetc.o):
    sieve.o                   sieve.s(30)
_clock (clock.o):
    sieve.o                   sieve.s(28)
_fwrite (fwrite.o):
    vfprintf.o                vfprintf.s(10)
_kbhit (kbhit.o):
    sieve.o                   sieve.s(29)
_ltoa (ltoa.o):
    _printf.o                 _printf.s(10)
_main (sieve.o):
    callmain.o                callmain.s(11)
_printf (printf.o):
    sieve.o                   sieve.s(26)
_stdout (_file.o):
    printf.o                  printf.s(8)
_strlen (strlen.o):
    _printf.o                 _printf.s(11)
_strlower (strlower.o):
    _printf.o                 _printf.s(11)
_toupper (toupper.o):
    sieve.o                   sieve.s(27)
_ultoa (ltoa.o):
    _printf.o                 _printf.s(10)
_vfprintf (vfprintf.o):
    printf.o                  printf.s(8)
_write (write.o):
    fwrite.o                  fwrite.s(10)
addysp (addysp.o):
    incsp4.o                  incsp4.s(8)
    fwrite.o                  fwrite.s(11)
    incsp6.o                  incsp6.s(8)
    printf.o                  printf.s(8)
addysp1 (addysp.o):
    ludiv.o                   ludiv.s(8)
    lsub.o                    lsub.s(11)
    lmul.o                    lmul.s(8)
axlong (axlong.o):
    _printf.o                 _printf.s(9)
axulong (axlong.o):
    _printf.o                 _printf.s(9)
booleq (makebool.o):
    leq.o                     leq.s(8)
callirq (callirq.o):
    crt0.o                    crt0.s(7)
callmain (callmain.o):
    crt0.o                    crt0.s(9)
cursor (_cursor.o):
    cgetc.o                   cgetc.s(8)
decsp4 (decsp4.o):
    lpush.o                   lpush.s(11)
decsp6 (decsp6.o):
    _printf.o                 _printf.s(9)
donelib (condes.o):
    crt0.o                    crt0.s(7)
fdtab (filedes.o):
    write.o                   filedes.inc(7)
getlop (ludiv.o):
    lumod.o                   lumod.s(8)
incsp2 (incsp2.o):
    popsreg.o                 popsreg.s(8)
incsp4 (incsp4.o):
    lcmp.o                    lcmp.s(9)
incsp6 (incsp6.o):
    fwrite.o                  fwrite.s(11)
    vfprintf.o                vfprintf.s(9)
    sieve.o                   sieve.s(474)
initlib (condes.o):
    crt0.o                    crt0.s(7)
ldaxysp (ldaxsp.o):
    fwrite.o                  fwrite.s(11)
mul8x16 (mul8.o):
    mul.o                     mul.s(8)
mul8x16a (mul8.o):
    mul.o                     mul.s(8)
popax (incsp2.o):
    rwcommon.o                rwcommon.s(9)
    ltoa.o                    ltoa.s(9)
    _printf.o                 _printf.s(9)
popsreg (popsreg.o):
    mul8.o                    mul8.s(9)
    udiv.o                    udiv.s(8)
    mul.o                     mul.s(9)
ptr1 (zeropage.o):
    rwcommon.o                rwcommon.s(10)
    ltoa.o                    ltoa.s(11)
    write.o                   write.s(13)
    udiv.o                    udiv.s(9)
    lcmp.o                    lcmp.s(10)
    strlower.o                strlower.s(13)
    strlen.o                  strlen.s(8)
    _printf.o                 _printf.s(12)
    fwrite.o                  fwrite.s(14)
    ludiv.o                   ludiv.s(9)
    lmul.o                    lmul.s(9)
    zerobss.o                 zerobss.s(9)
    vfprintf.o                vfprintf.s(11)
    printf.o                  printf.s(9)
    sieve.o                   sieve.s(10)
ptr2 (zeropage.o):
    rwcommon.o                rwcommon.s(10)
    ltoa.o                    ltoa.s(11)
    write.o                   write.s(13)
    strlower.o                strlower.s(13)
    _printf.o                 _printf.s(12)
    lumod.o                   lumod.s(9)
    ludiv.o                   ludiv.s(9)
ptr3 (zeropage.o):
    rwcommon.o                rwcommon.s(10)
    ltoa.o                    ltoa.s(11)
    write.o                   write.s(13)
    ludiv.o                   ludiv.s(9)
    lmul.o                    lmul.s(9)
ptr4 (zeropage.o):
    mul8.o                    mul8.s(10)
    udiv.o                    udiv.s(9)
    mul.o                     mul.s(10)
    ludiv.o                   ludiv.s(9)
    lmul.o                    lmul.s(9)
push1 (push1.o):
    _printf.o                 _printf.s(9)
    vfprintf.o                vfprintf.s(9)
pusha0 (pushax.o):
    push1.o                   push1.s(8)
pushax (pushax.o):
    _printf.o                 _printf.s(9)
    fwrite.o                  fwrite.s(11)
    callmain.o                callmain.s(11)
    printf.o                  printf.s(8)
    sieve.o                   sieve.s(100)
pusheax (lpush.o):
    _printf.o                 _printf.s(9)
    sieve.o                   sieve.s(265)
pushwysp (pushwsp.o):
    fwrite.o                  fwrite.s(11)
    vfprintf.o                vfprintf.s(9)
regbank (zeropage.o):
    _printf.o                 _printf.s(12)
    sieve.o                   sieve.s(10)
return0 (return0.o):
    fwrite.o                  fwrite.s(11)
    kbhit.o                   kbhit.s(8)
return1 (return1.o):
    kbhit.o                   kbhit.s(8)
rwcommon (rwcommon.o):
    write.o                   write.s(11)
sp (zeropage.o):
    popsreg.o                 popsreg.s(9)
    ldaxsp.o                  ldaxsp.s(8)
    lcmp.o                    lcmp.s(10)
    incsp2.o                  incsp2.s(8)
    decsp6.o                  decsp6.s(8)
    decsp4.o                  decsp4.s(8)
    _printf.o                 _printf.s(12)
    pushwsp.o                 pushwsp.s(8)
    pushax.o                  pushax.s(8)
    ludiv.o                   ludiv.s(9)
    lsub.o                    lsub.s(12)
    lpush.o                   lpush.s(12)
    lmul.o                    lmul.s(9)
    addysp.o                  addysp.s(8)
    vfprintf.o                vfprintf.s(11)
    printf.o                  printf.s(9)
    crt0.o                    ../../asminc/zeropage.inc(11)
    sieve.o                   sieve.s(10)
sreg (zeropage.o):
    mul8.o                    mul8.s(10)
    ltoa.o                    ltoa.s(11)
    udiv.o                    udiv.s(9)
    popsreg.o                 popsreg.s(9)
    mul.o                     mul.s(10)
    lcmp.o                    lcmp.s(10)
    axlong.o                  axlong.s(8)
    _printf.o                 _printf.s(12)
    lumod.o                   lumod.s(9)
    ludiv.o                   ludiv.s(9)
    lsub.o                    lsub.s(12)
    lpush.o                   lpush.s(12)
    lmul.o                    lmul.s(9)
    clock.o                   clock.s(9)
    sieve.o                   sieve.s(10)
tmp1 (zeropage.o):
    ltoa.o                    ltoa.s(11)
    mul.o                     mul.s(10)
    _printf.o                 _printf.s(12)
tmp2 (zeropage.o):
    rwcommon.o                rwcommon.s(10)
    lmul.o                    lmul.s(9)
tmp3 (zeropage.o):
    lumod.o                   lumod.s(9)
    ludiv.o                   ludiv.s(9)
    lmul.o                    lmul.s(9)
tmp4 (zeropage.o):
    lumod.o                   lumod.s(9)
    ludiv.o                   ludiv.s(9)
    lmul.o                    lmul.s(9)
toseqeax (leq.o):
    sieve.o                   sieve.s(446)
toslcmp (lcmp.o):
    leq.o                     leq.s(8)
tossubeax (lsub.o):
    sieve.o                   sieve.s(272)
tosudiv0ax (ludiv.o):
    sieve.o                   sieve.s(292)
tosudivax (udiv.o):
    fwrite.o                  fwrite.s(12)
tosumod0ax (lumod.o):
    sieve.o                   sieve.s(308)
tosumul0ax (lmul.o):
    sieve.o                   sieve.s(312)
tosumulax (mul.o):
    fwrite.o                  fwrite.s(12)
udiv32 (ludiv.o):
    lumod.o                   lumod.s(8)
unittab (filedes.o):
    write.o                   filedes.inc(8)
zerobss (zerobss.o):
    crt0.o                    crt0.s(8)

